// Vitest Snapshot v1, https://vitest.dev/guide/snapshot.html

exports[`the four-phase chain verifier — golden-master decision matrix > GOLDEN: the full decision matrix (verdict per case) 1`] = `
{
  "actor-is-leaf-assignee": {
    "authorized": true,
    "phase": "complete",
  },
  "binding-mismatch": {
    "authorized": false,
    "code": "BINDING_MISMATCH",
    "phase": "B",
  },
  "expired": {
    "authorized": false,
    "code": "EXPIRED",
    "phase": "A",
  },
  "forged-hop": {
    "authorized": false,
    "code": "INVALID_SIGNATURE",
    "phase": "A",
  },
  "happy": {
    "authorized": true,
    "phase": "complete",
  },
  "identity-composition-missing": {
    "authorized": false,
    "code": "IDENTITY_COMPOSITION_FAILED",
    "phase": "composition",
  },
  "not-yet-valid": {
    "authorized": false,
    "code": "NOT_YET_VALID",
    "phase": "A",
  },
  "out-of-scope": {
    "authorized": false,
    "code": "POLICY_DENIED",
    "phase": "D",
  },
  "over-length": {
    "authorized": false,
    "code": "POLICY_DENIED",
    "phase": "D",
  },
  "revoked": {
    "authorized": false,
    "code": "REVOKED",
    "phase": "C",
  },
  "status-unreachable": {
    "authorized": false,
    "code": "STATUS_RETRIEVAL_ERROR",
    "phase": "C",
  },
}
`;
